TimeQuest Timing Analyzer report for sign_extend16
Fri Mar 20 19:02:20 2020
Quartus II Version 9.1 Build 350 03/24/2010 Service Pack 2 SJ Web Edition


---------------------
; Table of Contents ;
---------------------
  1. Legal Notice
  2. TimeQuest Timing Analyzer Summary
  3. Parallel Compilation
  4. Clocks
  5. Slow 1200mV 85C Model Fmax Summary
  6. Slow 1200mV 85C Model Setup Summary
  7. Slow 1200mV 85C Model Hold Summary
  8. Slow 1200mV 85C Model Recovery Summary
  9. Slow 1200mV 85C Model Removal Summary
 10. Slow 1200mV 85C Model Minimum Pulse Width Summary
 11. Propagation Delay
 12. Minimum Propagation Delay
 13. Slow 1200mV 85C Model Metastability Report
 14. Slow 1200mV 0C Model Fmax Summary
 15. Slow 1200mV 0C Model Setup Summary
 16. Slow 1200mV 0C Model Hold Summary
 17. Slow 1200mV 0C Model Recovery Summary
 18. Slow 1200mV 0C Model Removal Summary
 19. Slow 1200mV 0C Model Minimum Pulse Width Summary
 20. Propagation Delay
 21. Minimum Propagation Delay
 22. Slow 1200mV 0C Model Metastability Report
 23. Fast 1200mV 0C Model Setup Summary
 24. Fast 1200mV 0C Model Hold Summary
 25. Fast 1200mV 0C Model Recovery Summary
 26. Fast 1200mV 0C Model Removal Summary
 27. Fast 1200mV 0C Model Minimum Pulse Width Summary
 28. Propagation Delay
 29. Minimum Propagation Delay
 30. Fast 1200mV 0C Model Metastability Report
 31. Multicorner Timing Analysis Summary
 32. Progagation Delay
 33. Minimum Progagation Delay
 34. Board Trace Model Assignments
 35. Input Transition Times
 36. Slow Corner Signal Integrity Metrics
 37. Fast Corner Signal Integrity Metrics
 38. Clock Transfers
 39. Report TCCS
 40. Report RSKM
 41. Unconstrained Paths
 42. TimeQuest Timing Analyzer Messages



----------------
; Legal Notice ;
----------------
Copyright (C) 1991-2010 Altera Corporation
Your use of Altera Corporation's design tools, logic functions 
and other software and tools, and its AMPP partner logic 
functions, and any output files from any of the foregoing 
(including device programming or simulation files), and any 
associated documentation or information are expressly subject 
to the terms and conditions of the Altera Program License 
Subscription Agreement, Altera MegaCore Function License 
Agreement, or other applicable license agreement, including, 
without limitation, that your use is for the sole purpose of 
programming logic devices manufactured by Altera and sold by 
Altera or its authorized distributors.  Please refer to the 
applicable agreement for further details.



+-------------------------------------------------------------------------------------+
; TimeQuest Timing Analyzer Summary                                                   ;
+--------------------+----------------------------------------------------------------+
; Quartus II Version ; Version 9.1 Build 350 03/24/2010 Service Pack 2 SJ Web Edition ;
; Revision Name      ; sign_extend16                                                  ;
; Device Family      ; Cyclone IV E                                                   ;
; Device Name        ; EP4CE6E22C6                                                    ;
; Timing Models      ; Preliminary                                                    ;
; Delay Model        ; Combined                                                       ;
; Rise/Fall Delays   ; Enabled                                                        ;
+--------------------+----------------------------------------------------------------+


Parallel compilation was disabled, but you have multiple processors available. Enable parallel compilation to reduce compilation time.
+-------------------------------------+
; Parallel Compilation                ;
+----------------------------+--------+
; Processors                 ; Number ;
+----------------------------+--------+
; Number detected on machine ; 4      ;
; Maximum allowed            ; 1      ;
+----------------------------+--------+


----------
; Clocks ;
----------
No clocks to report.


--------------------------------------
; Slow 1200mV 85C Model Fmax Summary ;
--------------------------------------
No paths to report.


---------------------------------------
; Slow 1200mV 85C Model Setup Summary ;
---------------------------------------
No paths to report.


--------------------------------------
; Slow 1200mV 85C Model Hold Summary ;
--------------------------------------
No paths to report.


------------------------------------------
; Slow 1200mV 85C Model Recovery Summary ;
------------------------------------------
No paths to report.


-----------------------------------------
; Slow 1200mV 85C Model Removal Summary ;
-----------------------------------------
No paths to report.


-----------------------------------------------------
; Slow 1200mV 85C Model Minimum Pulse Width Summary ;
-----------------------------------------------------
No paths to report.


+----------------------------------------------------+
; Propagation Delay                                  ;
+------------+-------------+-------+----+----+-------+
; Input Port ; Output Port ; RR    ; RF ; FR ; FF    ;
+------------+-------------+-------+----+----+-------+
; a[0]       ; y[0]        ; 6.175 ;    ;    ; 6.614 ;
; a[1]       ; y[1]        ; 5.818 ;    ;    ; 6.186 ;
; a[2]       ; y[2]        ; 5.579 ;    ;    ; 5.976 ;
; a[3]       ; y[3]        ; 5.996 ;    ;    ; 6.372 ;
; a[4]       ; y[4]        ; 5.952 ;    ;    ; 6.313 ;
; a[5]       ; y[5]        ; 6.018 ;    ;    ; 6.410 ;
; a[6]       ; y[6]        ; 5.949 ;    ;    ; 6.317 ;
; a[7]       ; y[7]        ; 5.980 ;    ;    ; 6.356 ;
; a[8]       ; y[8]        ; 5.669 ;    ;    ; 6.056 ;
; a[9]       ; y[9]        ; 6.263 ;    ;    ; 6.626 ;
; a[10]      ; y[10]       ; 6.007 ;    ;    ; 6.382 ;
; a[11]      ; y[11]       ; 3.880 ;    ;    ; 4.057 ;
; a[12]      ; y[12]       ; 3.897 ;    ;    ; 4.075 ;
; a[13]      ; y[13]       ; 5.973 ;    ;    ; 6.347 ;
; a[14]      ; y[14]       ; 6.002 ;    ;    ; 6.381 ;
; a[15]      ; y[15]       ; 6.422 ;    ;    ; 6.920 ;
; a[15]      ; y[16]       ; 6.721 ;    ;    ; 7.182 ;
; a[15]      ; y[17]       ; 6.666 ;    ;    ; 7.159 ;
; a[15]      ; y[18]       ; 6.977 ;    ;    ; 7.472 ;
; a[15]      ; y[19]       ; 6.482 ;    ;    ; 6.969 ;
; a[15]      ; y[20]       ; 6.390 ;    ;    ; 6.879 ;
; a[15]      ; y[21]       ; 6.666 ;    ;    ; 7.159 ;
; a[15]      ; y[22]       ; 6.666 ;    ;    ; 7.159 ;
; a[15]      ; y[23]       ; 6.440 ;    ;    ; 6.906 ;
; a[15]      ; y[24]       ; 6.531 ;    ;    ; 7.017 ;
; a[15]      ; y[25]       ; 6.493 ;    ;    ; 6.982 ;
; a[15]      ; y[26]       ; 6.682 ;    ;    ; 7.173 ;
; a[15]      ; y[27]       ; 8.060 ;    ;    ; 8.659 ;
; a[15]      ; y[28]       ; 7.793 ;    ;    ; 8.364 ;
; a[15]      ; y[29]       ; 6.842 ;    ;    ; 7.366 ;
; a[15]      ; y[30]       ; 6.702 ;    ;    ; 7.161 ;
; a[15]      ; y[31]       ; 6.502 ;    ;    ; 6.997 ;
+------------+-------------+-------+----+----+-------+


+----------------------------------------------------+
; Minimum Propagation Delay                          ;
+------------+-------------+-------+----+----+-------+
; Input Port ; Output Port ; RR    ; RF ; FR ; FF    ;
+------------+-------------+-------+----+----+-------+
; a[0]       ; y[0]        ; 5.974 ;    ;    ; 6.402 ;
; a[1]       ; y[1]        ; 5.635 ;    ;    ; 5.992 ;
; a[2]       ; y[2]        ; 5.403 ;    ;    ; 5.789 ;
; a[3]       ; y[3]        ; 5.802 ;    ;    ; 6.170 ;
; a[4]       ; y[4]        ; 5.760 ;    ;    ; 6.113 ;
; a[5]       ; y[5]        ; 5.823 ;    ;    ; 6.207 ;
; a[6]       ; y[6]        ; 5.757 ;    ;    ; 6.117 ;
; a[7]       ; y[7]        ; 5.787 ;    ;    ; 6.155 ;
; a[8]       ; y[8]        ; 5.493 ;    ;    ; 5.870 ;
; a[9]       ; y[9]        ; 6.061 ;    ;    ; 6.414 ;
; a[10]      ; y[10]       ; 5.813 ;    ;    ; 6.179 ;
; a[11]      ; y[11]       ; 3.781 ;    ;    ; 3.957 ;
; a[12]      ; y[12]       ; 3.797 ;    ;    ; 3.974 ;
; a[13]      ; y[13]       ; 5.779 ;    ;    ; 6.146 ;
; a[14]      ; y[14]       ; 5.807 ;    ;    ; 6.179 ;
; a[15]      ; y[15]       ; 6.209 ;    ;    ; 6.694 ;
; a[15]      ; y[16]       ; 6.500 ;    ;    ; 6.949 ;
; a[15]      ; y[17]       ; 6.444 ;    ;    ; 6.924 ;
; a[15]      ; y[18]       ; 6.744 ;    ;    ; 7.226 ;
; a[15]      ; y[19]       ; 6.268 ;    ;    ; 6.743 ;
; a[15]      ; y[20]       ; 6.179 ;    ;    ; 6.655 ;
; a[15]      ; y[21]       ; 6.444 ;    ;    ; 6.924 ;
; a[15]      ; y[22]       ; 6.444 ;    ;    ; 6.924 ;
; a[15]      ; y[23]       ; 6.230 ;    ;    ; 6.684 ;
; a[15]      ; y[24]       ; 6.315 ;    ;    ; 6.789 ;
; a[15]      ; y[25]       ; 6.279 ;    ;    ; 6.755 ;
; a[15]      ; y[26]       ; 6.461 ;    ;    ; 6.938 ;
; a[15]      ; y[27]       ; 7.833 ;    ;    ; 8.419 ;
; a[15]      ; y[28]       ; 7.578 ;    ;    ; 8.137 ;
; a[15]      ; y[29]       ; 6.614 ;    ;    ; 7.124 ;
; a[15]      ; y[30]       ; 6.480 ;    ;    ; 6.927 ;
; a[15]      ; y[31]       ; 6.287 ;    ;    ; 6.770 ;
+------------+-------------+-------+----+----+-------+


----------------------------------------------
; Slow 1200mV 85C Model Metastability Report ;
----------------------------------------------
No synchronizer chains to report.


-------------------------------------
; Slow 1200mV 0C Model Fmax Summary ;
-------------------------------------
No paths to report.


--------------------------------------
; Slow 1200mV 0C Model Setup Summary ;
--------------------------------------
No paths to report.


-------------------------------------
; Slow 1200mV 0C Model Hold Summary ;
-------------------------------------
No paths to report.


-----------------------------------------
; Slow 1200mV 0C Model Recovery Summary ;
-----------------------------------------
No paths to report.


----------------------------------------
; Slow 1200mV 0C Model Removal Summary ;
----------------------------------------
No paths to report.


----------------------------------------------------
; Slow 1200mV 0C Model Minimum Pulse Width Summary ;
----------------------------------------------------
No paths to report.


+----------------------------------------------------+
; Propagation Delay                                  ;
+------------+-------------+-------+----+----+-------+
; Input Port ; Output Port ; RR    ; RF ; FR ; FF    ;
+------------+-------------+-------+----+----+-------+
; a[0]       ; y[0]        ; 5.730 ;    ;    ; 6.097 ;
; a[1]       ; y[1]        ; 5.403 ;    ;    ; 5.713 ;
; a[2]       ; y[2]        ; 5.179 ;    ;    ; 5.523 ;
; a[3]       ; y[3]        ; 5.567 ;    ;    ; 5.879 ;
; a[4]       ; y[4]        ; 5.528 ;    ;    ; 5.827 ;
; a[5]       ; y[5]        ; 5.585 ;    ;    ; 5.913 ;
; a[6]       ; y[6]        ; 5.527 ;    ;    ; 5.829 ;
; a[7]       ; y[7]        ; 5.554 ;    ;    ; 5.864 ;
; a[8]       ; y[8]        ; 5.269 ;    ;    ; 5.605 ;
; a[9]       ; y[9]        ; 5.817 ;    ;    ; 6.100 ;
; a[10]      ; y[10]       ; 5.581 ;    ;    ; 5.887 ;
; a[11]      ; y[11]       ; 3.765 ;    ;    ; 3.970 ;
; a[12]      ; y[12]       ; 3.778 ;    ;    ; 3.988 ;
; a[13]      ; y[13]       ; 5.546 ;    ;    ; 5.856 ;
; a[14]      ; y[14]       ; 5.573 ;    ;    ; 5.887 ;
; a[15]      ; y[15]       ; 5.960 ;    ;    ; 6.373 ;
; a[15]      ; y[16]       ; 6.239 ;    ;    ; 6.609 ;
; a[15]      ; y[17]       ; 6.191 ;    ;    ; 6.583 ;
; a[15]      ; y[18]       ; 6.472 ;    ;    ; 6.865 ;
; a[15]      ; y[19]       ; 6.016 ;    ;    ; 6.416 ;
; a[15]      ; y[20]       ; 5.935 ;    ;    ; 6.335 ;
; a[15]      ; y[21]       ; 6.191 ;    ;    ; 6.583 ;
; a[15]      ; y[22]       ; 6.191 ;    ;    ; 6.583 ;
; a[15]      ; y[23]       ; 5.982 ;    ;    ; 6.368 ;
; a[15]      ; y[24]       ; 6.062 ;    ;    ; 6.462 ;
; a[15]      ; y[25]       ; 6.027 ;    ;    ; 6.429 ;
; a[15]      ; y[26]       ; 6.201 ;    ;    ; 6.593 ;
; a[15]      ; y[27]       ; 7.569 ;    ;    ; 8.072 ;
; a[15]      ; y[28]       ; 7.324 ;    ;    ; 7.811 ;
; a[15]      ; y[29]       ; 6.353 ;    ;    ; 6.776 ;
; a[15]      ; y[30]       ; 6.227 ;    ;    ; 6.601 ;
; a[15]      ; y[31]       ; 6.035 ;    ;    ; 6.444 ;
+------------+-------------+-------+----+----+-------+


+----------------------------------------------------+
; Minimum Propagation Delay                          ;
+------------+-------------+-------+----+----+-------+
; Input Port ; Output Port ; RR    ; RF ; FR ; FF    ;
+------------+-------------+-------+----+----+-------+
; a[0]       ; y[0]        ; 5.545 ;    ;    ; 5.903 ;
; a[1]       ; y[1]        ; 5.234 ;    ;    ; 5.535 ;
; a[2]       ; y[2]        ; 5.016 ;    ;    ; 5.351 ;
; a[3]       ; y[3]        ; 5.389 ;    ;    ; 5.693 ;
; a[4]       ; y[4]        ; 5.351 ;    ;    ; 5.644 ;
; a[5]       ; y[5]        ; 5.406 ;    ;    ; 5.726 ;
; a[6]       ; y[6]        ; 5.350 ;    ;    ; 5.645 ;
; a[7]       ; y[7]        ; 5.376 ;    ;    ; 5.680 ;
; a[8]       ; y[8]        ; 5.106 ;    ;    ; 5.433 ;
; a[9]       ; y[9]        ; 5.631 ;    ;    ; 5.907 ;
; a[10]      ; y[10]       ; 5.402 ;    ;    ; 5.701 ;
; a[11]      ; y[11]       ; 3.665 ;    ;    ; 3.868 ;
; a[12]      ; y[12]       ; 3.678 ;    ;    ; 3.885 ;
; a[13]      ; y[13]       ; 5.368 ;    ;    ; 5.672 ;
; a[14]      ; y[14]       ; 5.395 ;    ;    ; 5.701 ;
; a[15]      ; y[15]       ; 5.764 ;    ;    ; 6.167 ;
; a[15]      ; y[16]       ; 6.036 ;    ;    ; 6.396 ;
; a[15]      ; y[17]       ; 5.985 ;    ;    ; 6.368 ;
; a[15]      ; y[18]       ; 6.257 ;    ;    ; 6.640 ;
; a[15]      ; y[19]       ; 5.820 ;    ;    ; 6.209 ;
; a[15]      ; y[20]       ; 5.740 ;    ;    ; 6.130 ;
; a[15]      ; y[21]       ; 5.985 ;    ;    ; 6.368 ;
; a[15]      ; y[22]       ; 5.985 ;    ;    ; 6.368 ;
; a[15]      ; y[23]       ; 5.789 ;    ;    ; 6.165 ;
; a[15]      ; y[24]       ; 5.863 ;    ;    ; 6.253 ;
; a[15]      ; y[25]       ; 5.830 ;    ;    ; 6.221 ;
; a[15]      ; y[26]       ; 5.997 ;    ;    ; 6.379 ;
; a[15]      ; y[27]       ; 7.361 ;    ;    ; 7.852 ;
; a[15]      ; y[28]       ; 7.127 ;    ;    ; 7.603 ;
; a[15]      ; y[29]       ; 6.143 ;    ;    ; 6.555 ;
; a[15]      ; y[30]       ; 6.022 ;    ;    ; 6.387 ;
; a[15]      ; y[31]       ; 5.838 ;    ;    ; 6.236 ;
+------------+-------------+-------+----+----+-------+


---------------------------------------------
; Slow 1200mV 0C Model Metastability Report ;
---------------------------------------------
No synchronizer chains to report.


--------------------------------------
; Fast 1200mV 0C Model Setup Summary ;
--------------------------------------
No paths to report.


-------------------------------------
; Fast 1200mV 0C Model Hold Summary ;
-------------------------------------
No paths to report.


-----------------------------------------
; Fast 1200mV 0C Model Recovery Summary ;
-----------------------------------------
No paths to report.


----------------------------------------
; Fast 1200mV 0C Model Removal Summary ;
----------------------------------------
No paths to report.


----------------------------------------------------
; Fast 1200mV 0C Model Minimum Pulse Width Summary ;
----------------------------------------------------
No paths to report.


+----------------------------------------------------+
; Propagation Delay                                  ;
+------------+-------------+-------+----+----+-------+
; Input Port ; Output Port ; RR    ; RF ; FR ; FF    ;
+------------+-------------+-------+----+----+-------+
; a[0]       ; y[0]        ; 3.682 ;    ;    ; 4.284 ;
; a[1]       ; y[1]        ; 3.451 ;    ;    ; 3.996 ;
; a[2]       ; y[2]        ; 3.320 ;    ;    ; 3.862 ;
; a[3]       ; y[3]        ; 3.552 ;    ;    ; 4.119 ;
; a[4]       ; y[4]        ; 3.519 ;    ;    ; 4.078 ;
; a[5]       ; y[5]        ; 3.570 ;    ;    ; 4.147 ;
; a[6]       ; y[6]        ; 3.522 ;    ;    ; 4.082 ;
; a[7]       ; y[7]        ; 3.543 ;    ;    ; 4.109 ;
; a[8]       ; y[8]        ; 3.370 ;    ;    ; 3.932 ;
; a[9]       ; y[9]        ; 3.702 ;    ;    ; 4.270 ;
; a[10]      ; y[10]       ; 3.557 ;    ;    ; 4.124 ;
; a[11]      ; y[11]       ; 2.348 ;    ;    ; 2.742 ;
; a[12]      ; y[12]       ; 2.357 ;    ;    ; 2.747 ;
; a[13]      ; y[13]       ; 3.539 ;    ;    ; 4.104 ;
; a[14]      ; y[14]       ; 3.556 ;    ;    ; 4.125 ;
; a[15]      ; y[15]       ; 3.819 ;    ;    ; 4.481 ;
; a[15]      ; y[16]       ; 4.001 ;    ;    ; 4.674 ;
; a[15]      ; y[17]       ; 3.954 ;    ;    ; 4.613 ;
; a[15]      ; y[18]       ; 4.118 ;    ;    ; 4.802 ;
; a[15]      ; y[19]       ; 3.855 ;    ;    ; 4.507 ;
; a[15]      ; y[20]       ; 3.796 ;    ;    ; 4.454 ;
; a[15]      ; y[21]       ; 3.954 ;    ;    ; 4.613 ;
; a[15]      ; y[22]       ; 3.954 ;    ;    ; 4.613 ;
; a[15]      ; y[23]       ; 3.844 ;    ;    ; 4.494 ;
; a[15]      ; y[24]       ; 3.890 ;    ;    ; 4.544 ;
; a[15]      ; y[25]       ; 3.866 ;    ;    ; 4.520 ;
; a[15]      ; y[26]       ; 3.952 ;    ;    ; 4.621 ;
; a[15]      ; y[27]       ; 4.951 ;    ;    ; 5.687 ;
; a[15]      ; y[28]       ; 4.808 ;    ;    ; 5.518 ;
; a[15]      ; y[29]       ; 4.076 ;    ;    ; 4.765 ;
; a[15]      ; y[30]       ; 3.971 ;    ;    ; 4.639 ;
; a[15]      ; y[31]       ; 3.878 ;    ;    ; 4.533 ;
+------------+-------------+-------+----+----+-------+


+----------------------------------------------------+
; Minimum Propagation Delay                          ;
+------------+-------------+-------+----+----+-------+
; Input Port ; Output Port ; RR    ; RF ; FR ; FF    ;
+------------+-------------+-------+----+----+-------+
; a[0]       ; y[0]        ; 3.563 ;    ;    ; 4.157 ;
; a[1]       ; y[1]        ; 3.340 ;    ;    ; 3.880 ;
; a[2]       ; y[2]        ; 3.216 ;    ;    ; 3.752 ;
; a[3]       ; y[3]        ; 3.439 ;    ;    ; 3.998 ;
; a[4]       ; y[4]        ; 3.407 ;    ;    ; 3.959 ;
; a[5]       ; y[5]        ; 3.456 ;    ;    ; 4.026 ;
; a[6]       ; y[6]        ; 3.410 ;    ;    ; 3.963 ;
; a[7]       ; y[7]        ; 3.430 ;    ;    ; 3.989 ;
; a[8]       ; y[8]        ; 3.265 ;    ;    ; 3.823 ;
; a[9]       ; y[9]        ; 3.581 ;    ;    ; 4.143 ;
; a[10]      ; y[10]       ; 3.443 ;    ;    ; 4.003 ;
; a[11]      ; y[11]       ; 2.290 ;    ;    ; 2.684 ;
; a[12]      ; y[12]       ; 2.298 ;    ;    ; 2.689 ;
; a[13]      ; y[13]       ; 3.427 ;    ;    ; 3.984 ;
; a[14]      ; y[14]       ; 3.443 ;    ;    ; 4.004 ;
; a[15]      ; y[15]       ; 3.697 ;    ;    ; 4.347 ;
; a[15]      ; y[16]       ; 3.873 ;    ;    ; 4.536 ;
; a[15]      ; y[17]       ; 3.826 ;    ;    ; 4.474 ;
; a[15]      ; y[18]       ; 3.982 ;    ;    ; 4.654 ;
; a[15]      ; y[19]       ; 3.729 ;    ;    ; 4.371 ;
; a[15]      ; y[20]       ; 3.674 ;    ;    ; 4.322 ;
; a[15]      ; y[21]       ; 3.826 ;    ;    ; 4.474 ;
; a[15]      ; y[22]       ; 3.826 ;    ;    ; 4.474 ;
; a[15]      ; y[23]       ; 3.722 ;    ;    ; 4.363 ;
; a[15]      ; y[24]       ; 3.763 ;    ;    ; 4.407 ;
; a[15]      ; y[25]       ; 3.740 ;    ;    ; 4.384 ;
; a[15]      ; y[26]       ; 3.822 ;    ;    ; 4.480 ;
; a[15]      ; y[27]       ; 4.821 ;    ;    ; 5.544 ;
; a[15]      ; y[28]       ; 4.682 ;    ;    ; 5.381 ;
; a[15]      ; y[29]       ; 3.942 ;    ;    ; 4.619 ;
; a[15]      ; y[30]       ; 3.841 ;    ;    ; 4.498 ;
; a[15]      ; y[31]       ; 3.752 ;    ;    ; 4.396 ;
+------------+-------------+-------+----+----+-------+


---------------------------------------------
; Fast 1200mV 0C Model Metastability Report ;
---------------------------------------------
No synchronizer chains to report.


+----------------------------------------------------------------------------+
; Multicorner Timing Analysis Summary                                        ;
+------------------+-------+------+----------+---------+---------------------+
; Clock            ; Setup ; Hold ; Recovery ; Removal ; Minimum Pulse Width ;
+------------------+-------+------+----------+---------+---------------------+
; Worst-case Slack ; N/A   ; N/A  ; N/A      ; N/A     ; N/A                 ;
; Design-wide TNS  ; 0.0   ; 0.0  ; 0.0      ; 0.0     ; 0.0                 ;
+------------------+-------+------+----------+---------+---------------------+


+----------------------------------------------------+
; Progagation Delay                                  ;
+------------+-------------+-------+----+----+-------+
; Input Port ; Output Port ; RR    ; RF ; FR ; FF    ;
+------------+-------------+-------+----+----+-------+
; a[0]       ; y[0]        ; 6.175 ;    ;    ; 6.614 ;
; a[1]       ; y[1]        ; 5.818 ;    ;    ; 6.186 ;
; a[2]       ; y[2]        ; 5.579 ;    ;    ; 5.976 ;
; a[3]       ; y[3]        ; 5.996 ;    ;    ; 6.372 ;
; a[4]       ; y[4]        ; 5.952 ;    ;    ; 6.313 ;
; a[5]       ; y[5]        ; 6.018 ;    ;    ; 6.410 ;
; a[6]       ; y[6]        ; 5.949 ;    ;    ; 6.317 ;
; a[7]       ; y[7]        ; 5.980 ;    ;    ; 6.356 ;
; a[8]       ; y[8]        ; 5.669 ;    ;    ; 6.056 ;
; a[9]       ; y[9]        ; 6.263 ;    ;    ; 6.626 ;
; a[10]      ; y[10]       ; 6.007 ;    ;    ; 6.382 ;
; a[11]      ; y[11]       ; 3.880 ;    ;    ; 4.057 ;
; a[12]      ; y[12]       ; 3.897 ;    ;    ; 4.075 ;
; a[13]      ; y[13]       ; 5.973 ;    ;    ; 6.347 ;
; a[14]      ; y[14]       ; 6.002 ;    ;    ; 6.381 ;
; a[15]      ; y[15]       ; 6.422 ;    ;    ; 6.920 ;
; a[15]      ; y[16]       ; 6.721 ;    ;    ; 7.182 ;
; a[15]      ; y[17]       ; 6.666 ;    ;    ; 7.159 ;
; a[15]      ; y[18]       ; 6.977 ;    ;    ; 7.472 ;
; a[15]      ; y[19]       ; 6.482 ;    ;    ; 6.969 ;
; a[15]      ; y[20]       ; 6.390 ;    ;    ; 6.879 ;
; a[15]      ; y[21]       ; 6.666 ;    ;    ; 7.159 ;
; a[15]      ; y[22]       ; 6.666 ;    ;    ; 7.159 ;
; a[15]      ; y[23]       ; 6.440 ;    ;    ; 6.906 ;
; a[15]      ; y[24]       ; 6.531 ;    ;    ; 7.017 ;
; a[15]      ; y[25]       ; 6.493 ;    ;    ; 6.982 ;
; a[15]      ; y[26]       ; 6.682 ;    ;    ; 7.173 ;
; a[15]      ; y[27]       ; 8.060 ;    ;    ; 8.659 ;
; a[15]      ; y[28]       ; 7.793 ;    ;    ; 8.364 ;
; a[15]      ; y[29]       ; 6.842 ;    ;    ; 7.366 ;
; a[15]      ; y[30]       ; 6.702 ;    ;    ; 7.161 ;
; a[15]      ; y[31]       ; 6.502 ;    ;    ; 6.997 ;
+------------+-------------+-------+----+----+-------+


+----------------------------------------------------+
; Minimum Progagation Delay                          ;
+------------+-------------+-------+----+----+-------+
; Input Port ; Output Port ; RR    ; RF ; FR ; FF    ;
+------------+-------------+-------+----+----+-------+
; a[0]       ; y[0]        ; 3.563 ;    ;    ; 4.157 ;
; a[1]       ; y[1]        ; 3.340 ;    ;    ; 3.880 ;
; a[2]       ; y[2]        ; 3.216 ;    ;    ; 3.752 ;
; a[3]       ; y[3]        ; 3.439 ;    ;    ; 3.998 ;
; a[4]       ; y[4]        ; 3.407 ;    ;    ; 3.959 ;
; a[5]       ; y[5]        ; 3.456 ;    ;    ; 4.026 ;
; a[6]       ; y[6]        ; 3.410 ;    ;    ; 3.963 ;
; a[7]       ; y[7]        ; 3.430 ;    ;    ; 3.989 ;
; a[8]       ; y[8]        ; 3.265 ;    ;    ; 3.823 ;
; a[9]       ; y[9]        ; 3.581 ;    ;    ; 4.143 ;
; a[10]      ; y[10]       ; 3.443 ;    ;    ; 4.003 ;
; a[11]      ; y[11]       ; 2.290 ;    ;    ; 2.684 ;
; a[12]      ; y[12]       ; 2.298 ;    ;    ; 2.689 ;
; a[13]      ; y[13]       ; 3.427 ;    ;    ; 3.984 ;
; a[14]      ; y[14]       ; 3.443 ;    ;    ; 4.004 ;
; a[15]      ; y[15]       ; 3.697 ;    ;    ; 4.347 ;
; a[15]      ; y[16]       ; 3.873 ;    ;    ; 4.536 ;
; a[15]      ; y[17]       ; 3.826 ;    ;    ; 4.474 ;
; a[15]      ; y[18]       ; 3.982 ;    ;    ; 4.654 ;
; a[15]      ; y[19]       ; 3.729 ;    ;    ; 4.371 ;
; a[15]      ; y[20]       ; 3.674 ;    ;    ; 4.322 ;
; a[15]      ; y[21]       ; 3.826 ;    ;    ; 4.474 ;
; a[15]      ; y[22]       ; 3.826 ;    ;    ; 4.474 ;
; a[15]      ; y[23]       ; 3.722 ;    ;    ; 4.363 ;
; a[15]      ; y[24]       ; 3.763 ;    ;    ; 4.407 ;
; a[15]      ; y[25]       ; 3.740 ;    ;    ; 4.384 ;
; a[15]      ; y[26]       ; 3.822 ;    ;    ; 4.480 ;
; a[15]      ; y[27]       ; 4.821 ;    ;    ; 5.544 ;
; a[15]      ; y[28]       ; 4.682 ;    ;    ; 5.381 ;
; a[15]      ; y[29]       ; 3.942 ;    ;    ; 4.619 ;
; a[15]      ; y[30]       ; 3.841 ;    ;    ; 4.498 ;
; a[15]      ; y[31]       ; 3.752 ;    ;    ; 4.396 ;
+------------+-------------+-------+----+----+-------+


+------------------------------------------------------------------------------------------------------------------------------------------------------------------------------------------------------------------------------------------------------------------------------------------------------------------------------------------------------------------+
; Board Trace Model Assignments                                                                                                                                                                                                                                                                                                                                    ;
+---------------+--------------+-------------------+-------------------------+-------------------------+---------------+---------------------+----------------+------------------+--------+------------------+------------------------+------------------------+--------------+---------------+-----------------+-------+---------------------+--------------------+
; Pin           ; I/O Standard ; Near Tline Length ; Near Tline L per Length ; Near Tline C per Length ; Near Series R ; Near Differential R ; Near Pull-up R ; Near Pull-down R ; Near C ; Far Tline Length ; Far Tline L per Length ; Far Tline C per Length ; Far Series R ; Far Pull-up R ; Far Pull-down R ; Far C ; Termination Voltage ; Far Differential R ;
+---------------+--------------+-------------------+-------------------------+-------------------------+---------------+---------------------+----------------+------------------+--------+------------------+------------------------+------------------------+--------------+---------------+-----------------+-------+---------------------+--------------------+
; y[0]          ; 2.5 V        ; 0 in              ; 0 H/in                  ; 0 F/in                  ; short         ; -                   ; open           ; open             ; open   ; 0 in             ; 0 H/in                 ; 0 F/in                 ; short        ; open          ; open            ; open  ; 0 V                 ; -                  ;
; y[1]          ; 2.5 V        ; 0 in              ; 0 H/in                  ; 0 F/in                  ; short         ; -                   ; open           ; open             ; open   ; 0 in             ; 0 H/in                 ; 0 F/in                 ; short        ; open          ; open            ; open  ; 0 V                 ; -                  ;
; y[2]          ; 2.5 V        ; 0 in              ; 0 H/in                  ; 0 F/in                  ; short         ; -                   ; open           ; open             ; open   ; 0 in             ; 0 H/in                 ; 0 F/in                 ; short        ; open          ; open            ; open  ; 0 V                 ; -                  ;
; y[3]          ; 2.5 V        ; 0 in              ; 0 H/in                  ; 0 F/in                  ; short         ; -                   ; open           ; open             ; open   ; 0 in             ; 0 H/in                 ; 0 F/in                 ; short        ; open          ; open            ; open  ; 0 V                 ; -                  ;
; y[4]          ; 2.5 V        ; 0 in              ; 0 H/in                  ; 0 F/in                  ; short         ; -                   ; open           ; open             ; open   ; 0 in             ; 0 H/in                 ; 0 F/in                 ; short        ; open          ; open            ; open  ; 0 V                 ; -                  ;
; y[5]          ; 2.5 V        ; 0 in              ; 0 H/in                  ; 0 F/in                  ; short         ; -                   ; open           ; open             ; open   ; 0 in             ; 0 H/in                 ; 0 F/in                 ; short        ; open          ; open            ; open  ; 0 V                 ; -                  ;
; y[6]          ; 2.5 V        ; 0 in              ; 0 H/in                  ; 0 F/in                  ; short         ; -                   ; open           ; open             ; open   ; 0 in             ; 0 H/in                 ; 0 F/in                 ; short        ; open          ; open            ; open  ; 0 V                 ; -                  ;
; y[7]          ; 2.5 V        ; 0 in              ; 0 H/in                  ; 0 F/in                  ; short         ; -                   ; open           ; open             ; open   ; 0 in             ; 0 H/in                 ; 0 F/in                 ; short        ; open          ; open            ; open  ; 0 V                 ; -                  ;
; y[8]          ; 2.5 V        ; 0 in              ; 0 H/in                  ; 0 F/in                  ; short         ; -                   ; open           ; open             ; open   ; 0 in             ; 0 H/in                 ; 0 F/in                 ; short        ; open          ; open            ; open  ; 0 V                 ; -                  ;
; y[9]          ; 2.5 V        ; 0 in              ; 0 H/in                  ; 0 F/in                  ; short         ; -                   ; open           ; open             ; open   ; 0 in             ; 0 H/in                 ; 0 F/in                 ; short        ; open          ; open            ; open  ; 0 V                 ; -                  ;
; y[10]         ; 2.5 V        ; 0 in              ; 0 H/in                  ; 0 F/in                  ; short         ; -                   ; open           ; open             ; open   ; 0 in             ; 0 H/in                 ; 0 F/in                 ; short        ; open          ; open            ; open  ; 0 V                 ; -                  ;
; y[11]         ; 2.5 V        ; 0 in              ; 0 H/in                  ; 0 F/in                  ; short         ; -                   ; open           ; open             ; open   ; 0 in             ; 0 H/in                 ; 0 F/in                 ; short        ; open          ; open            ; open  ; 0 V                 ; -                  ;
; y[12]         ; 2.5 V        ; 0 in              ; 0 H/in                  ; 0 F/in                  ; short         ; -                   ; open           ; open             ; open   ; 0 in             ; 0 H/in                 ; 0 F/in                 ; short        ; open          ; open            ; open  ; 0 V                 ; -                  ;
; y[13]         ; 2.5 V        ; 0 in              ; 0 H/in                  ; 0 F/in                  ; short         ; -                   ; open           ; open             ; open   ; 0 in             ; 0 H/in                 ; 0 F/in                 ; short        ; open          ; open            ; open  ; 0 V                 ; -                  ;
; y[14]         ; 2.5 V        ; 0 in              ; 0 H/in                  ; 0 F/in                  ; short         ; -                   ; open           ; open             ; open   ; 0 in             ; 0 H/in                 ; 0 F/in                 ; short        ; open          ; open            ; open  ; 0 V                 ; -                  ;
; y[15]         ; 2.5 V        ; 0 in              ; 0 H/in                  ; 0 F/in                  ; short         ; -                   ; open           ; open             ; open   ; 0 in             ; 0 H/in                 ; 0 F/in                 ; short        ; open          ; open            ; open  ; 0 V                 ; -                  ;
; y[16]         ; 2.5 V        ; 0 in              ; 0 H/in                  ; 0 F/in                  ; short         ; -                   ; open           ; open             ; open   ; 0 in             ; 0 H/in                 ; 0 F/in                 ; short        ; open          ; open            ; open  ; 0 V                 ; -                  ;
; y[17]         ; 2.5 V        ; 0 in              ; 0 H/in                  ; 0 F/in                  ; short         ; -                   ; open           ; open             ; open   ; 0 in             ; 0 H/in                 ; 0 F/in                 ; short        ; open          ; open            ; open  ; 0 V                 ; -                  ;
; y[18]         ; 2.5 V        ; 0 in              ; 0 H/in                  ; 0 F/in                  ; short         ; -                   ; open           ; open             ; open   ; 0 in             ; 0 H/in                 ; 0 F/in                 ; short        ; open          ; open            ; open  ; 0 V                 ; -                  ;
; y[19]         ; 2.5 V        ; 0 in              ; 0 H/in                  ; 0 F/in                  ; short         ; -                   ; open           ; open             ; open   ; 0 in             ; 0 H/in                 ; 0 F/in                 ; short        ; open          ; open            ; open  ; 0 V                 ; -                  ;
; y[20]         ; 2.5 V        ; 0 in              ; 0 H/in                  ; 0 F/in                  ; short         ; -                   ; open           ; open             ; open   ; 0 in             ; 0 H/in                 ; 0 F/in                 ; short        ; open          ; open            ; open  ; 0 V                 ; -                  ;
; y[21]         ; 2.5 V        ; 0 in              ; 0 H/in                  ; 0 F/in                  ; short         ; -                   ; open           ; open             ; open   ; 0 in             ; 0 H/in                 ; 0 F/in                 ; short        ; open          ; open            ; open  ; 0 V                 ; -                  ;
; y[22]         ; 2.5 V        ; 0 in              ; 0 H/in                  ; 0 F/in                  ; short         ; -                   ; open           ; open             ; open   ; 0 in             ; 0 H/in                 ; 0 F/in                 ; short        ; open          ; open            ; open  ; 0 V                 ; -                  ;
; y[23]         ; 2.5 V        ; 0 in              ; 0 H/in                  ; 0 F/in                  ; short         ; -                   ; open           ; open             ; open   ; 0 in             ; 0 H/in                 ; 0 F/in                 ; short        ; open          ; open            ; open  ; 0 V                 ; -                  ;
; y[24]         ; 2.5 V        ; 0 in              ; 0 H/in                  ; 0 F/in                  ; short         ; -                   ; open           ; open             ; open   ; 0 in             ; 0 H/in                 ; 0 F/in                 ; short        ; open          ; open            ; open  ; 0 V                 ; -                  ;
; y[25]         ; 2.5 V        ; 0 in              ; 0 H/in                  ; 0 F/in                  ; short         ; -                   ; open           ; open             ; open   ; 0 in             ; 0 H/in                 ; 0 F/in                 ; short        ; open          ; open            ; open  ; 0 V                 ; -                  ;
; y[26]         ; 2.5 V        ; 0 in              ; 0 H/in                  ; 0 F/in                  ; short         ; -                   ; open           ; open             ; open   ; 0 in             ; 0 H/in                 ; 0 F/in                 ; short        ; open          ; open            ; open  ; 0 V                 ; -                  ;
; y[27]         ; 2.5 V        ; 0 in              ; 0 H/in                  ; 0 F/in                  ; short         ; -                   ; open           ; open             ; open   ; 0 in             ; 0 H/in                 ; 0 F/in                 ; short        ; open          ; open            ; open  ; 0 V                 ; -                  ;
; y[28]         ; 2.5 V        ; 0 in              ; 0 H/in                  ; 0 F/in                  ; short         ; -                   ; open           ; open             ; open   ; 0 in             ; 0 H/in                 ; 0 F/in                 ; short        ; open          ; open            ; open  ; 0 V                 ; -                  ;
; y[29]         ; 2.5 V        ; 0 in              ; 0 H/in                  ; 0 F/in                  ; short         ; -                   ; open           ; open             ; open   ; 0 in             ; 0 H/in                 ; 0 F/in                 ; short        ; open          ; open            ; open  ; 0 V                 ; -                  ;
; y[30]         ; 2.5 V        ; 0 in              ; 0 H/in                  ; 0 F/in                  ; short         ; -                   ; open           ; open             ; open   ; 0 in             ; 0 H/in                 ; 0 F/in                 ; short        ; open          ; open            ; open  ; 0 V                 ; -                  ;
; y[31]         ; 2.5 V        ; 0 in              ; 0 H/in                  ; 0 F/in                  ; short         ; -                   ; open           ; open             ; open   ; 0 in             ; 0 H/in                 ; 0 F/in                 ; short        ; open          ; open            ; open  ; 0 V                 ; -                  ;
; ~ALTERA_DCLK~ ; 2.5 V        ; 0 in              ; 0 H/in                  ; 0 F/in                  ; short         ; -                   ; open           ; open             ; open   ; 0 in             ; 0 H/in                 ; 0 F/in                 ; short        ; open          ; open            ; open  ; 0 V                 ; -                  ;
; ~ALTERA_nCEO~ ; 2.5 V        ; 0 in              ; 0 H/in                  ; 0 F/in                  ; short         ; -                   ; open           ; open             ; open   ; 0 in             ; 0 H/in                 ; 0 F/in                 ; short        ; open          ; open            ; open  ; 0 V                 ; -                  ;
+---------------+--------------+-------------------+-------------------------+-------------------------+---------------+---------------------+----------------+------------------+--------+------------------+------------------------+------------------------+--------------+---------------+-----------------+-------+---------------------+--------------------+


+----------------------------------------------------------------------------+
; Input Transition Times                                                     ;
+-------------------------+--------------+-----------------+-----------------+
; Pin                     ; I/O Standard ; 10-90 Rise Time ; 90-10 Fall Time ;
+-------------------------+--------------+-----------------+-----------------+
; a[0]                    ; 2.5 V        ; 2000 ps         ; 2000 ps         ;
; a[1]                    ; 2.5 V        ; 2000 ps         ; 2000 ps         ;
; a[2]                    ; 2.5 V        ; 2000 ps         ; 2000 ps         ;
; a[3]                    ; 2.5 V        ; 2000 ps         ; 2000 ps         ;
; a[4]                    ; 2.5 V        ; 2000 ps         ; 2000 ps         ;
; a[5]                    ; 2.5 V        ; 2000 ps         ; 2000 ps         ;
; a[6]                    ; 2.5 V        ; 2000 ps         ; 2000 ps         ;
; a[7]                    ; 2.5 V        ; 2000 ps         ; 2000 ps         ;
; a[8]                    ; 2.5 V        ; 2000 ps         ; 2000 ps         ;
; a[9]                    ; 2.5 V        ; 2000 ps         ; 2000 ps         ;
; a[10]                   ; 2.5 V        ; 2000 ps         ; 2000 ps         ;
; a[11]                   ; 2.5 V        ; 2000 ps         ; 2000 ps         ;
; a[12]                   ; 2.5 V        ; 2000 ps         ; 2000 ps         ;
; a[13]                   ; 2.5 V        ; 2000 ps         ; 2000 ps         ;
; a[14]                   ; 2.5 V        ; 2000 ps         ; 2000 ps         ;
; a[15]                   ; 2.5 V        ; 2000 ps         ; 2000 ps         ;
; ~ALTERA_ASDO_DATA1~     ; 2.5 V        ; 2000 ps         ; 2000 ps         ;
; ~ALTERA_FLASH_nCE_nCSO~ ; 2.5 V        ; 2000 ps         ; 2000 ps         ;
; ~ALTERA_DATA0~          ; 2.5 V        ; 2000 ps         ; 2000 ps         ;
+-------------------------+--------------+-----------------+-----------------+


+--------------------------------------------------------------------------------------------------------------------------------------------------------------------------------------------------------------------------------------------------------------------------------------------------------------------------------------------------------------------------------------------------------------------------------------------------------------------------------------------------------------------------------------------------------------------------------------------------------------------------------------------------------------------------------------------+
; Slow Corner Signal Integrity Metrics                                                                                                                                                                                                                                                                                                                                                                                                                                                                                                                                                                                                                                                       ;
+---------------+--------------+---------------------+---------------------+------------------------------+------------------------------+---------------------+---------------------+--------------------------------------+--------------------------------------+-----------------------------+-----------------------------+----------------------------+----------------------------+-----------------------------+-----------------------------+--------------------+--------------------+-------------------------------------+-------------------------------------+----------------------------+----------------------------+---------------------------+---------------------------+
; Pin           ; I/O Standard ; Board Delay on Rise ; Board Delay on Fall ; Steady State Voh at FPGA Pin ; Steady State Vol at FPGA Pin ; Voh Max at FPGA Pin ; Vol Min at FPGA Pin ; Ringback Voltage on Rise at FPGA Pin ; Ringback Voltage on Fall at FPGA Pin ; 10-90 Rise Time at FPGA Pin ; 90-10 Fall Time at FPGA Pin ; Monotonic Rise at FPGA Pin ; Monotonic Fall at FPGA Pin ; Steady State Voh at Far-end ; Steady State Vol at Far-end ; Voh Max at Far-end ; Vol Min at Far-end ; Ringback Voltage on Rise at Far-end ; Ringback Voltage on Fall at Far-end ; 10-90 Rise Time at Far-end ; 90-10 Fall Time at Far-end ; Monotonic Rise at Far-end ; Monotonic Fall at Far-end ;
+---------------+--------------+---------------------+---------------------+------------------------------+------------------------------+---------------------+---------------------+--------------------------------------+--------------------------------------+-----------------------------+-----------------------------+----------------------------+----------------------------+-----------------------------+-----------------------------+--------------------+--------------------+-------------------------------------+-------------------------------------+----------------------------+----------------------------+---------------------------+---------------------------+
; y[0]          ; 2.5 V        ; 0 s                 ; 0 s                 ; 2.32 V                       ; 1.06e-006 V                  ; 2.36 V              ; -0.00549 V          ; 0.108 V                              ; 0.017 V                              ; 4.48e-010 s                 ; 4.25e-010 s                 ; Yes                        ; Yes                        ; 2.32 V                      ; 1.06e-006 V                 ; 2.36 V             ; -0.00549 V         ; 0.108 V                             ; 0.017 V                             ; 4.48e-010 s                ; 4.25e-010 s                ; Yes                       ; Yes                       ;
; y[1]          ; 2.5 V        ; 0 s                 ; 0 s                 ; 2.32 V                       ; 1.06e-006 V                  ; 2.36 V              ; -0.00549 V          ; 0.108 V                              ; 0.017 V                              ; 4.48e-010 s                 ; 4.25e-010 s                 ; Yes                        ; Yes                        ; 2.32 V                      ; 1.06e-006 V                 ; 2.36 V             ; -0.00549 V         ; 0.108 V                             ; 0.017 V                             ; 4.48e-010 s                ; 4.25e-010 s                ; Yes                       ; Yes                       ;
; y[2]          ; 2.5 V        ; 0 s                 ; 0 s                 ; 2.32 V                       ; 7.11e-007 V                  ; 2.36 V              ; -0.00454 V          ; 0.097 V                              ; 0.012 V                              ; 4.4e-010 s                  ; 4.15e-010 s                 ; Yes                        ; Yes                        ; 2.32 V                      ; 7.11e-007 V                 ; 2.36 V             ; -0.00454 V         ; 0.097 V                             ; 0.012 V                             ; 4.4e-010 s                 ; 4.15e-010 s                ; Yes                       ; Yes                       ;
; y[3]          ; 2.5 V        ; 0 s                 ; 0 s                 ; 2.32 V                       ; 1.06e-006 V                  ; 2.36 V              ; -0.00549 V          ; 0.108 V                              ; 0.017 V                              ; 4.48e-010 s                 ; 4.25e-010 s                 ; Yes                        ; Yes                        ; 2.32 V                      ; 1.06e-006 V                 ; 2.36 V             ; -0.00549 V         ; 0.108 V                             ; 0.017 V                             ; 4.48e-010 s                ; 4.25e-010 s                ; Yes                       ; Yes                       ;
; y[4]          ; 2.5 V        ; 0 s                 ; 0 s                 ; 2.32 V                       ; 1.06e-006 V                  ; 2.36 V              ; -0.00549 V          ; 0.108 V                              ; 0.017 V                              ; 4.48e-010 s                 ; 4.25e-010 s                 ; Yes                        ; Yes                        ; 2.32 V                      ; 1.06e-006 V                 ; 2.36 V             ; -0.00549 V         ; 0.108 V                             ; 0.017 V                             ; 4.48e-010 s                ; 4.25e-010 s                ; Yes                       ; Yes                       ;
; y[5]          ; 2.5 V        ; 0 s                 ; 0 s                 ; 2.32 V                       ; 1.06e-006 V                  ; 2.36 V              ; -0.00549 V          ; 0.108 V                              ; 0.017 V                              ; 4.48e-010 s                 ; 4.25e-010 s                 ; Yes                        ; Yes                        ; 2.32 V                      ; 1.06e-006 V                 ; 2.36 V             ; -0.00549 V         ; 0.108 V                             ; 0.017 V                             ; 4.48e-010 s                ; 4.25e-010 s                ; Yes                       ; Yes                       ;
; y[6]          ; 2.5 V        ; 0 s                 ; 0 s                 ; 2.32 V                       ; 1.06e-006 V                  ; 2.36 V              ; -0.00549 V          ; 0.108 V                              ; 0.017 V                              ; 4.48e-010 s                 ; 4.25e-010 s                 ; Yes                        ; Yes                        ; 2.32 V                      ; 1.06e-006 V                 ; 2.36 V             ; -0.00549 V         ; 0.108 V                             ; 0.017 V                             ; 4.48e-010 s                ; 4.25e-010 s                ; Yes                       ; Yes                       ;
; y[7]          ; 2.5 V        ; 0 s                 ; 0 s                 ; 2.32 V                       ; 1.06e-006 V                  ; 2.36 V              ; -0.00549 V          ; 0.108 V                              ; 0.017 V                              ; 4.48e-010 s                 ; 4.25e-010 s                 ; Yes                        ; Yes                        ; 2.32 V                      ; 1.06e-006 V                 ; 2.36 V             ; -0.00549 V         ; 0.108 V                             ; 0.017 V                             ; 4.48e-010 s                ; 4.25e-010 s                ; Yes                       ; Yes                       ;
; y[8]          ; 2.5 V        ; 0 s                 ; 0 s                 ; 2.32 V                       ; 7.11e-007 V                  ; 2.35 V              ; -0.00823 V          ; 0.102 V                              ; 0.022 V                              ; 6.39e-010 s                 ; 5.99e-010 s                 ; Yes                        ; Yes                        ; 2.32 V                      ; 7.11e-007 V                 ; 2.35 V             ; -0.00823 V         ; 0.102 V                             ; 0.022 V                             ; 6.39e-010 s                ; 5.99e-010 s                ; Yes                       ; Yes                       ;
; y[9]          ; 2.5 V        ; 0 s                 ; 0 s                 ; 2.32 V                       ; 1.06e-006 V                  ; 2.36 V              ; -0.00549 V          ; 0.108 V                              ; 0.017 V                              ; 4.48e-010 s                 ; 4.25e-010 s                 ; Yes                        ; Yes                        ; 2.32 V                      ; 1.06e-006 V                 ; 2.36 V             ; -0.00549 V         ; 0.108 V                             ; 0.017 V                             ; 4.48e-010 s                ; 4.25e-010 s                ; Yes                       ; Yes                       ;
; y[10]         ; 2.5 V        ; 0 s                 ; 0 s                 ; 2.32 V                       ; 1.06e-006 V                  ; 2.36 V              ; -0.00549 V          ; 0.108 V                              ; 0.017 V                              ; 4.48e-010 s                 ; 4.25e-010 s                 ; Yes                        ; Yes                        ; 2.32 V                      ; 1.06e-006 V                 ; 2.36 V             ; -0.00549 V         ; 0.108 V                             ; 0.017 V                             ; 4.48e-010 s                ; 4.25e-010 s                ; Yes                       ; Yes                       ;
; y[11]         ; 2.5 V        ; 0 s                 ; 0 s                 ; 2.32 V                       ; 7.11e-007 V                  ; 2.35 V              ; -0.00823 V          ; 0.102 V                              ; 0.022 V                              ; 6.39e-010 s                 ; 5.99e-010 s                 ; Yes                        ; Yes                        ; 2.32 V                      ; 7.11e-007 V                 ; 2.35 V             ; -0.00823 V         ; 0.102 V                             ; 0.022 V                             ; 6.39e-010 s                ; 5.99e-010 s                ; Yes                       ; Yes                       ;
; y[12]         ; 2.5 V        ; 0 s                 ; 0 s                 ; 2.32 V                       ; 7.11e-007 V                  ; 2.35 V              ; -0.00823 V          ; 0.102 V                              ; 0.022 V                              ; 6.39e-010 s                 ; 5.99e-010 s                 ; Yes                        ; Yes                        ; 2.32 V                      ; 7.11e-007 V                 ; 2.35 V             ; -0.00823 V         ; 0.102 V                             ; 0.022 V                             ; 6.39e-010 s                ; 5.99e-010 s                ; Yes                       ; Yes                       ;
; y[13]         ; 2.5 V        ; 0 s                 ; 0 s                 ; 2.32 V                       ; 1.06e-006 V                  ; 2.36 V              ; -0.00549 V          ; 0.108 V                              ; 0.017 V                              ; 4.48e-010 s                 ; 4.25e-010 s                 ; Yes                        ; Yes                        ; 2.32 V                      ; 1.06e-006 V                 ; 2.36 V             ; -0.00549 V         ; 0.108 V                             ; 0.017 V                             ; 4.48e-010 s                ; 4.25e-010 s                ; Yes                       ; Yes                       ;
; y[14]         ; 2.5 V        ; 0 s                 ; 0 s                 ; 2.32 V                       ; 1.06e-006 V                  ; 2.36 V              ; -0.00549 V          ; 0.108 V                              ; 0.017 V                              ; 4.48e-010 s                 ; 4.25e-010 s                 ; Yes                        ; Yes                        ; 2.32 V                      ; 1.06e-006 V                 ; 2.36 V             ; -0.00549 V         ; 0.108 V                             ; 0.017 V                             ; 4.48e-010 s                ; 4.25e-010 s                ; Yes                       ; Yes                       ;
; y[15]         ; 2.5 V        ; 0 s                 ; 0 s                 ; 2.32 V                       ; 7.11e-007 V                  ; 2.36 V              ; -0.00454 V          ; 0.097 V                              ; 0.012 V                              ; 4.4e-010 s                  ; 4.15e-010 s                 ; Yes                        ; Yes                        ; 2.32 V                      ; 7.11e-007 V                 ; 2.36 V             ; -0.00454 V         ; 0.097 V                             ; 0.012 V                             ; 4.4e-010 s                 ; 4.15e-010 s                ; Yes                       ; Yes                       ;
; y[16]         ; 2.5 V        ; 0 s                 ; 0 s                 ; 2.32 V                       ; 7.11e-007 V                  ; 2.35 V              ; -0.00823 V          ; 0.102 V                              ; 0.022 V                              ; 6.39e-010 s                 ; 5.99e-010 s                 ; Yes                        ; Yes                        ; 2.32 V                      ; 7.11e-007 V                 ; 2.35 V             ; -0.00823 V         ; 0.102 V                             ; 0.022 V                             ; 6.39e-010 s                ; 5.99e-010 s                ; Yes                       ; Yes                       ;
; y[17]         ; 2.5 V        ; 0 s                 ; 0 s                 ; 2.32 V                       ; 7.11e-007 V                  ; 2.36 V              ; -0.00454 V          ; 0.097 V                              ; 0.012 V                              ; 4.4e-010 s                  ; 4.15e-010 s                 ; Yes                        ; Yes                        ; 2.32 V                      ; 7.11e-007 V                 ; 2.36 V             ; -0.00454 V         ; 0.097 V                             ; 0.012 V                             ; 4.4e-010 s                 ; 4.15e-010 s                ; Yes                       ; Yes                       ;
; y[18]         ; 2.5 V        ; 0 s                 ; 0 s                 ; 2.32 V                       ; 1.06e-006 V                  ; 2.36 V              ; -0.00549 V          ; 0.108 V                              ; 0.017 V                              ; 4.48e-010 s                 ; 4.25e-010 s                 ; Yes                        ; Yes                        ; 2.32 V                      ; 1.06e-006 V                 ; 2.36 V             ; -0.00549 V         ; 0.108 V                             ; 0.017 V                             ; 4.48e-010 s                ; 4.25e-010 s                ; Yes                       ; Yes                       ;
; y[19]         ; 2.5 V        ; 0 s                 ; 0 s                 ; 2.32 V                       ; 1.06e-006 V                  ; 2.36 V              ; -0.00549 V          ; 0.108 V                              ; 0.017 V                              ; 4.48e-010 s                 ; 4.25e-010 s                 ; Yes                        ; Yes                        ; 2.32 V                      ; 1.06e-006 V                 ; 2.36 V             ; -0.00549 V         ; 0.108 V                             ; 0.017 V                             ; 4.48e-010 s                ; 4.25e-010 s                ; Yes                       ; Yes                       ;
; y[20]         ; 2.5 V        ; 0 s                 ; 0 s                 ; 2.32 V                       ; 7.11e-007 V                  ; 2.36 V              ; -0.00454 V          ; 0.097 V                              ; 0.012 V                              ; 4.4e-010 s                  ; 4.15e-010 s                 ; Yes                        ; Yes                        ; 2.32 V                      ; 7.11e-007 V                 ; 2.36 V             ; -0.00454 V         ; 0.097 V                             ; 0.012 V                             ; 4.4e-010 s                 ; 4.15e-010 s                ; Yes                       ; Yes                       ;
; y[21]         ; 2.5 V        ; 0 s                 ; 0 s                 ; 2.32 V                       ; 7.11e-007 V                  ; 2.36 V              ; -0.00454 V          ; 0.097 V                              ; 0.012 V                              ; 4.4e-010 s                  ; 4.15e-010 s                 ; Yes                        ; Yes                        ; 2.32 V                      ; 7.11e-007 V                 ; 2.36 V             ; -0.00454 V         ; 0.097 V                             ; 0.012 V                             ; 4.4e-010 s                 ; 4.15e-010 s                ; Yes                       ; Yes                       ;
; y[22]         ; 2.5 V        ; 0 s                 ; 0 s                 ; 2.32 V                       ; 7.11e-007 V                  ; 2.36 V              ; -0.00454 V          ; 0.097 V                              ; 0.012 V                              ; 4.4e-010 s                  ; 4.15e-010 s                 ; Yes                        ; Yes                        ; 2.32 V                      ; 7.11e-007 V                 ; 2.36 V             ; -0.00454 V         ; 0.097 V                             ; 0.012 V                             ; 4.4e-010 s                 ; 4.15e-010 s                ; Yes                       ; Yes                       ;
; y[23]         ; 2.5 V        ; 0 s                 ; 0 s                 ; 2.32 V                       ; 7.11e-007 V                  ; 2.35 V              ; -0.00823 V          ; 0.102 V                              ; 0.022 V                              ; 6.39e-010 s                 ; 5.99e-010 s                 ; Yes                        ; Yes                        ; 2.32 V                      ; 7.11e-007 V                 ; 2.35 V             ; -0.00823 V         ; 0.102 V                             ; 0.022 V                             ; 6.39e-010 s                ; 5.99e-010 s                ; Yes                       ; Yes                       ;
; y[24]         ; 2.5 V        ; 0 s                 ; 0 s                 ; 2.32 V                       ; 1.06e-006 V                  ; 2.36 V              ; -0.00549 V          ; 0.108 V                              ; 0.017 V                              ; 4.48e-010 s                 ; 4.25e-010 s                 ; Yes                        ; Yes                        ; 2.32 V                      ; 1.06e-006 V                 ; 2.36 V             ; -0.00549 V         ; 0.108 V                             ; 0.017 V                             ; 4.48e-010 s                ; 4.25e-010 s                ; Yes                       ; Yes                       ;
; y[25]         ; 2.5 V        ; 0 s                 ; 0 s                 ; 2.32 V                       ; 1.06e-006 V                  ; 2.36 V              ; -0.00549 V          ; 0.108 V                              ; 0.017 V                              ; 4.48e-010 s                 ; 4.25e-010 s                 ; Yes                        ; Yes                        ; 2.32 V                      ; 1.06e-006 V                 ; 2.36 V             ; -0.00549 V         ; 0.108 V                             ; 0.017 V                             ; 4.48e-010 s                ; 4.25e-010 s                ; Yes                       ; Yes                       ;
; y[26]         ; 2.5 V        ; 0 s                 ; 0 s                 ; 2.32 V                       ; 1.06e-006 V                  ; 2.36 V              ; -0.00549 V          ; 0.108 V                              ; 0.017 V                              ; 4.48e-010 s                 ; 4.25e-010 s                 ; Yes                        ; Yes                        ; 2.32 V                      ; 1.06e-006 V                 ; 2.36 V             ; -0.00549 V         ; 0.108 V                             ; 0.017 V                             ; 4.48e-010 s                ; 4.25e-010 s                ; Yes                       ; Yes                       ;
; y[27]         ; 2.5 V        ; 0 s                 ; 0 s                 ; 2.32 V                       ; 7.11e-007 V                  ; 2.33 V              ; -0.00353 V          ; 0.131 V                              ; 0.073 V                              ; 3.33e-009 s                 ; 3.13e-009 s                 ; Yes                        ; Yes                        ; 2.32 V                      ; 7.11e-007 V                 ; 2.33 V             ; -0.00353 V         ; 0.131 V                             ; 0.073 V                             ; 3.33e-009 s                ; 3.13e-009 s                ; Yes                       ; Yes                       ;
; y[28]         ; 2.5 V        ; 0 s                 ; 0 s                 ; 2.32 V                       ; 1.06e-006 V                  ; 2.33 V              ; -0.00342 V          ; 0.134 V                              ; 0.076 V                              ; 3.33e-009 s                 ; 3.16e-009 s                 ; Yes                        ; Yes                        ; 2.32 V                      ; 1.06e-006 V                 ; 2.33 V             ; -0.00342 V         ; 0.134 V                             ; 0.076 V                             ; 3.33e-009 s                ; 3.16e-009 s                ; Yes                       ; Yes                       ;
; y[29]         ; 2.5 V        ; 0 s                 ; 0 s                 ; 2.32 V                       ; 1.06e-006 V                  ; 2.36 V              ; -0.00549 V          ; 0.108 V                              ; 0.017 V                              ; 4.48e-010 s                 ; 4.25e-010 s                 ; Yes                        ; Yes                        ; 2.32 V                      ; 1.06e-006 V                 ; 2.36 V             ; -0.00549 V         ; 0.108 V                             ; 0.017 V                             ; 4.48e-010 s                ; 4.25e-010 s                ; Yes                       ; Yes                       ;
; y[30]         ; 2.5 V        ; 0 s                 ; 0 s                 ; 2.32 V                       ; 1.06e-006 V                  ; 2.36 V              ; -0.00549 V          ; 0.108 V                              ; 0.017 V                              ; 4.48e-010 s                 ; 4.25e-010 s                 ; Yes                        ; Yes                        ; 2.32 V                      ; 1.06e-006 V                 ; 2.36 V             ; -0.00549 V         ; 0.108 V                             ; 0.017 V                             ; 4.48e-010 s                ; 4.25e-010 s                ; Yes                       ; Yes                       ;
; y[31]         ; 2.5 V        ; 0 s                 ; 0 s                 ; 2.32 V                       ; 1.06e-006 V                  ; 2.36 V              ; -0.00549 V          ; 0.108 V                              ; 0.017 V                              ; 4.48e-010 s                 ; 4.25e-010 s                 ; Yes                        ; Yes                        ; 2.32 V                      ; 1.06e-006 V                 ; 2.36 V             ; -0.00549 V         ; 0.108 V                             ; 0.017 V                             ; 4.48e-010 s                ; 4.25e-010 s                ; Yes                       ; Yes                       ;
; ~ALTERA_DCLK~ ; 2.5 V        ; 0 s                 ; 0 s                 ; 2.32 V                       ; 5.68e-007 V                  ; 2.36 V              ; -0.0226 V           ; 0.073 V                              ; 0.034 V                              ; 3.97e-010 s                 ; 3.26e-010 s                 ; Yes                        ; Yes                        ; 2.32 V                      ; 5.68e-007 V                 ; 2.36 V             ; -0.0226 V          ; 0.073 V                             ; 0.034 V                             ; 3.97e-010 s                ; 3.26e-010 s                ; Yes                       ; Yes                       ;
; ~ALTERA_nCEO~ ; 2.5 V        ; 0 s                 ; 0 s                 ; 2.32 V                       ; 9.36e-007 V                  ; 2.35 V              ; -0.00575 V          ; 0.081 V                              ; 0.032 V                              ; 5.3e-010 s                  ; 7.56e-010 s                 ; Yes                        ; Yes                        ; 2.32 V                      ; 9.36e-007 V                 ; 2.35 V             ; -0.00575 V         ; 0.081 V                             ; 0.032 V                             ; 5.3e-010 s                 ; 7.56e-010 s                ; Yes                       ; Yes                       ;
+---------------+--------------+---------------------+---------------------+------------------------------+------------------------------+---------------------+---------------------+--------------------------------------+--------------------------------------+-----------------------------+-----------------------------+----------------------------+----------------------------+-----------------------------+-----------------------------+--------------------+--------------------+-------------------------------------+-------------------------------------+----------------------------+----------------------------+---------------------------+---------------------------+


+--------------------------------------------------------------------------------------------------------------------------------------------------------------------------------------------------------------------------------------------------------------------------------------------------------------------------------------------------------------------------------------------------------------------------------------------------------------------------------------------------------------------------------------------------------------------------------------------------------------------------------------------------------------------------------------------+
; Fast Corner Signal Integrity Metrics                                                                                                                                                                                                                                                                                                                                                                                                                                                                                                                                                                                                                                                       ;
+---------------+--------------+---------------------+---------------------+------------------------------+------------------------------+---------------------+---------------------+--------------------------------------+--------------------------------------+-----------------------------+-----------------------------+----------------------------+----------------------------+-----------------------------+-----------------------------+--------------------+--------------------+-------------------------------------+-------------------------------------+----------------------------+----------------------------+---------------------------+---------------------------+
; Pin           ; I/O Standard ; Board Delay on Rise ; Board Delay on Fall ; Steady State Voh at FPGA Pin ; Steady State Vol at FPGA Pin ; Voh Max at FPGA Pin ; Vol Min at FPGA Pin ; Ringback Voltage on Rise at FPGA Pin ; Ringback Voltage on Fall at FPGA Pin ; 10-90 Rise Time at FPGA Pin ; 90-10 Fall Time at FPGA Pin ; Monotonic Rise at FPGA Pin ; Monotonic Fall at FPGA Pin ; Steady State Voh at Far-end ; Steady State Vol at Far-end ; Voh Max at Far-end ; Vol Min at Far-end ; Ringback Voltage on Rise at Far-end ; Ringback Voltage on Fall at Far-end ; 10-90 Rise Time at Far-end ; 90-10 Fall Time at Far-end ; Monotonic Rise at Far-end ; Monotonic Fall at Far-end ;
+---------------+--------------+---------------------+---------------------+------------------------------+------------------------------+---------------------+---------------------+--------------------------------------+--------------------------------------+-----------------------------+-----------------------------+----------------------------+----------------------------+-----------------------------+-----------------------------+--------------------+--------------------+-------------------------------------+-------------------------------------+----------------------------+----------------------------+---------------------------+---------------------------+
; y[0]          ; 2.5 V        ; 0 s                 ; 0 s                 ; 2.62 V                       ; 4.02e-008 V                  ; 2.71 V              ; -0.0351 V           ; 0.173 V                              ; 0.098 V                              ; 2.73e-010 s                 ; 2.69e-010 s                 ; Yes                        ; Yes                        ; 2.62 V                      ; 4.02e-008 V                 ; 2.71 V             ; -0.0351 V          ; 0.173 V                             ; 0.098 V                             ; 2.73e-010 s                ; 2.69e-010 s                ; Yes                       ; Yes                       ;
; y[1]          ; 2.5 V        ; 0 s                 ; 0 s                 ; 2.62 V                       ; 4.02e-008 V                  ; 2.71 V              ; -0.0351 V           ; 0.173 V                              ; 0.098 V                              ; 2.73e-010 s                 ; 2.69e-010 s                 ; Yes                        ; Yes                        ; 2.62 V                      ; 4.02e-008 V                 ; 2.71 V             ; -0.0351 V          ; 0.173 V                             ; 0.098 V                             ; 2.73e-010 s                ; 2.69e-010 s                ; Yes                       ; Yes                       ;
; y[2]          ; 2.5 V        ; 0 s                 ; 0 s                 ; 2.62 V                       ; 2.7e-008 V                   ; 2.72 V              ; -0.0401 V           ; 0.163 V                              ; 0.091 V                              ; 2.71e-010 s                 ; 2.61e-010 s                 ; Yes                        ; Yes                        ; 2.62 V                      ; 2.7e-008 V                  ; 2.72 V             ; -0.0401 V          ; 0.163 V                             ; 0.091 V                             ; 2.71e-010 s                ; 2.61e-010 s                ; Yes                       ; Yes                       ;
; y[3]          ; 2.5 V        ; 0 s                 ; 0 s                 ; 2.62 V                       ; 4.02e-008 V                  ; 2.71 V              ; -0.0351 V           ; 0.173 V                              ; 0.098 V                              ; 2.73e-010 s                 ; 2.69e-010 s                 ; Yes                        ; Yes                        ; 2.62 V                      ; 4.02e-008 V                 ; 2.71 V             ; -0.0351 V          ; 0.173 V                             ; 0.098 V                             ; 2.73e-010 s                ; 2.69e-010 s                ; Yes                       ; Yes                       ;
; y[4]          ; 2.5 V        ; 0 s                 ; 0 s                 ; 2.62 V                       ; 4.02e-008 V                  ; 2.71 V              ; -0.0351 V           ; 0.173 V                              ; 0.098 V                              ; 2.73e-010 s                 ; 2.69e-010 s                 ; Yes                        ; Yes                        ; 2.62 V                      ; 4.02e-008 V                 ; 2.71 V             ; -0.0351 V          ; 0.173 V                             ; 0.098 V                             ; 2.73e-010 s                ; 2.69e-010 s                ; Yes                       ; Yes                       ;
; y[5]          ; 2.5 V        ; 0 s                 ; 0 s                 ; 2.62 V                       ; 4.02e-008 V                  ; 2.71 V              ; -0.0351 V           ; 0.173 V                              ; 0.098 V                              ; 2.73e-010 s                 ; 2.69e-010 s                 ; Yes                        ; Yes                        ; 2.62 V                      ; 4.02e-008 V                 ; 2.71 V             ; -0.0351 V          ; 0.173 V                             ; 0.098 V                             ; 2.73e-010 s                ; 2.69e-010 s                ; Yes                       ; Yes                       ;
; y[6]          ; 2.5 V        ; 0 s                 ; 0 s                 ; 2.62 V                       ; 4.02e-008 V                  ; 2.71 V              ; -0.0351 V           ; 0.173 V                              ; 0.098 V                              ; 2.73e-010 s                 ; 2.69e-010 s                 ; Yes                        ; Yes                        ; 2.62 V                      ; 4.02e-008 V                 ; 2.71 V             ; -0.0351 V          ; 0.173 V                             ; 0.098 V                             ; 2.73e-010 s                ; 2.69e-010 s                ; Yes                       ; Yes                       ;
; y[7]          ; 2.5 V        ; 0 s                 ; 0 s                 ; 2.62 V                       ; 4.02e-008 V                  ; 2.71 V              ; -0.0351 V           ; 0.173 V                              ; 0.098 V                              ; 2.73e-010 s                 ; 2.69e-010 s                 ; Yes                        ; Yes                        ; 2.62 V                      ; 4.02e-008 V                 ; 2.71 V             ; -0.0351 V          ; 0.173 V                             ; 0.098 V                             ; 2.73e-010 s                ; 2.69e-010 s                ; Yes                       ; Yes                       ;
; y[8]          ; 2.5 V        ; 0 s                 ; 0 s                 ; 2.62 V                       ; 2.7e-008 V                   ; 2.71 V              ; -0.0352 V           ; 0.147 V                              ; 0.066 V                              ; 4.51e-010 s                 ; 4.15e-010 s                 ; No                         ; Yes                        ; 2.62 V                      ; 2.7e-008 V                  ; 2.71 V             ; -0.0352 V          ; 0.147 V                             ; 0.066 V                             ; 4.51e-010 s                ; 4.15e-010 s                ; No                        ; Yes                       ;
; y[9]          ; 2.5 V        ; 0 s                 ; 0 s                 ; 2.62 V                       ; 4.02e-008 V                  ; 2.71 V              ; -0.0351 V           ; 0.173 V                              ; 0.098 V                              ; 2.73e-010 s                 ; 2.69e-010 s                 ; Yes                        ; Yes                        ; 2.62 V                      ; 4.02e-008 V                 ; 2.71 V             ; -0.0351 V          ; 0.173 V                             ; 0.098 V                             ; 2.73e-010 s                ; 2.69e-010 s                ; Yes                       ; Yes                       ;
; y[10]         ; 2.5 V        ; 0 s                 ; 0 s                 ; 2.62 V                       ; 4.02e-008 V                  ; 2.71 V              ; -0.0351 V           ; 0.173 V                              ; 0.098 V                              ; 2.73e-010 s                 ; 2.69e-010 s                 ; Yes                        ; Yes                        ; 2.62 V                      ; 4.02e-008 V                 ; 2.71 V             ; -0.0351 V          ; 0.173 V                             ; 0.098 V                             ; 2.73e-010 s                ; 2.69e-010 s                ; Yes                       ; Yes                       ;
; y[11]         ; 2.5 V        ; 0 s                 ; 0 s                 ; 2.62 V                       ; 2.7e-008 V                   ; 2.71 V              ; -0.0352 V           ; 0.147 V                              ; 0.066 V                              ; 4.51e-010 s                 ; 4.15e-010 s                 ; No                         ; Yes                        ; 2.62 V                      ; 2.7e-008 V                  ; 2.71 V             ; -0.0352 V          ; 0.147 V                             ; 0.066 V                             ; 4.51e-010 s                ; 4.15e-010 s                ; No                        ; Yes                       ;
; y[12]         ; 2.5 V        ; 0 s                 ; 0 s                 ; 2.62 V                       ; 2.7e-008 V                   ; 2.71 V              ; -0.0352 V           ; 0.147 V                              ; 0.066 V                              ; 4.51e-010 s                 ; 4.15e-010 s                 ; No                         ; Yes                        ; 2.62 V                      ; 2.7e-008 V                  ; 2.71 V             ; -0.0352 V          ; 0.147 V                             ; 0.066 V                             ; 4.51e-010 s                ; 4.15e-010 s                ; No                        ; Yes                       ;
; y[13]         ; 2.5 V        ; 0 s                 ; 0 s                 ; 2.62 V                       ; 4.02e-008 V                  ; 2.71 V              ; -0.0351 V           ; 0.173 V                              ; 0.098 V                              ; 2.73e-010 s                 ; 2.69e-010 s                 ; Yes                        ; Yes                        ; 2.62 V                      ; 4.02e-008 V                 ; 2.71 V             ; -0.0351 V          ; 0.173 V                             ; 0.098 V                             ; 2.73e-010 s                ; 2.69e-010 s                ; Yes                       ; Yes                       ;
; y[14]         ; 2.5 V        ; 0 s                 ; 0 s                 ; 2.62 V                       ; 4.02e-008 V                  ; 2.71 V              ; -0.0351 V           ; 0.173 V                              ; 0.098 V                              ; 2.73e-010 s                 ; 2.69e-010 s                 ; Yes                        ; Yes                        ; 2.62 V                      ; 4.02e-008 V                 ; 2.71 V             ; -0.0351 V          ; 0.173 V                             ; 0.098 V                             ; 2.73e-010 s                ; 2.69e-010 s                ; Yes                       ; Yes                       ;
; y[15]         ; 2.5 V        ; 0 s                 ; 0 s                 ; 2.62 V                       ; 2.7e-008 V                   ; 2.72 V              ; -0.0401 V           ; 0.163 V                              ; 0.091 V                              ; 2.71e-010 s                 ; 2.61e-010 s                 ; Yes                        ; Yes                        ; 2.62 V                      ; 2.7e-008 V                  ; 2.72 V             ; -0.0401 V          ; 0.163 V                             ; 0.091 V                             ; 2.71e-010 s                ; 2.61e-010 s                ; Yes                       ; Yes                       ;
; y[16]         ; 2.5 V        ; 0 s                 ; 0 s                 ; 2.62 V                       ; 2.7e-008 V                   ; 2.71 V              ; -0.0352 V           ; 0.147 V                              ; 0.066 V                              ; 4.51e-010 s                 ; 4.15e-010 s                 ; No                         ; Yes                        ; 2.62 V                      ; 2.7e-008 V                  ; 2.71 V             ; -0.0352 V          ; 0.147 V                             ; 0.066 V                             ; 4.51e-010 s                ; 4.15e-010 s                ; No                        ; Yes                       ;
; y[17]         ; 2.5 V        ; 0 s                 ; 0 s                 ; 2.62 V                       ; 2.7e-008 V                   ; 2.72 V              ; -0.0401 V           ; 0.163 V                              ; 0.091 V                              ; 2.71e-010 s                 ; 2.61e-010 s                 ; Yes                        ; Yes                        ; 2.62 V                      ; 2.7e-008 V                  ; 2.72 V             ; -0.0401 V          ; 0.163 V                             ; 0.091 V                             ; 2.71e-010 s                ; 2.61e-010 s                ; Yes                       ; Yes                       ;
; y[18]         ; 2.5 V        ; 0 s                 ; 0 s                 ; 2.62 V                       ; 4.02e-008 V                  ; 2.71 V              ; -0.0351 V           ; 0.173 V                              ; 0.098 V                              ; 2.73e-010 s                 ; 2.69e-010 s                 ; Yes                        ; Yes                        ; 2.62 V                      ; 4.02e-008 V                 ; 2.71 V             ; -0.0351 V          ; 0.173 V                             ; 0.098 V                             ; 2.73e-010 s                ; 2.69e-010 s                ; Yes                       ; Yes                       ;
; y[19]         ; 2.5 V        ; 0 s                 ; 0 s                 ; 2.62 V                       ; 4.02e-008 V                  ; 2.71 V              ; -0.0351 V           ; 0.173 V                              ; 0.098 V                              ; 2.73e-010 s                 ; 2.69e-010 s                 ; Yes                        ; Yes                        ; 2.62 V                      ; 4.02e-008 V                 ; 2.71 V             ; -0.0351 V          ; 0.173 V                             ; 0.098 V                             ; 2.73e-010 s                ; 2.69e-010 s                ; Yes                       ; Yes                       ;
; y[20]         ; 2.5 V        ; 0 s                 ; 0 s                 ; 2.62 V                       ; 2.7e-008 V                   ; 2.72 V              ; -0.0401 V           ; 0.163 V                              ; 0.091 V                              ; 2.71e-010 s                 ; 2.61e-010 s                 ; Yes                        ; Yes                        ; 2.62 V                      ; 2.7e-008 V                  ; 2.72 V             ; -0.0401 V          ; 0.163 V                             ; 0.091 V                             ; 2.71e-010 s                ; 2.61e-010 s                ; Yes                       ; Yes                       ;
; y[21]         ; 2.5 V        ; 0 s                 ; 0 s                 ; 2.62 V                       ; 2.7e-008 V                   ; 2.72 V              ; -0.0401 V           ; 0.163 V                              ; 0.091 V                              ; 2.71e-010 s                 ; 2.61e-010 s                 ; Yes                        ; Yes                        ; 2.62 V                      ; 2.7e-008 V                  ; 2.72 V             ; -0.0401 V          ; 0.163 V                             ; 0.091 V                             ; 2.71e-010 s                ; 2.61e-010 s                ; Yes                       ; Yes                       ;
; y[22]         ; 2.5 V        ; 0 s                 ; 0 s                 ; 2.62 V                       ; 2.7e-008 V                   ; 2.72 V              ; -0.0401 V           ; 0.163 V                              ; 0.091 V                              ; 2.71e-010 s                 ; 2.61e-010 s                 ; Yes                        ; Yes                        ; 2.62 V                      ; 2.7e-008 V                  ; 2.72 V             ; -0.0401 V          ; 0.163 V                             ; 0.091 V                             ; 2.71e-010 s                ; 2.61e-010 s                ; Yes                       ; Yes                       ;
; y[23]         ; 2.5 V        ; 0 s                 ; 0 s                 ; 2.62 V                       ; 2.7e-008 V                   ; 2.71 V              ; -0.0352 V           ; 0.147 V                              ; 0.066 V                              ; 4.51e-010 s                 ; 4.15e-010 s                 ; No                         ; Yes                        ; 2.62 V                      ; 2.7e-008 V                  ; 2.71 V             ; -0.0352 V          ; 0.147 V                             ; 0.066 V                             ; 4.51e-010 s                ; 4.15e-010 s                ; No                        ; Yes                       ;
; y[24]         ; 2.5 V        ; 0 s                 ; 0 s                 ; 2.62 V                       ; 4.02e-008 V                  ; 2.71 V              ; -0.0351 V           ; 0.173 V                              ; 0.098 V                              ; 2.73e-010 s                 ; 2.69e-010 s                 ; Yes                        ; Yes                        ; 2.62 V                      ; 4.02e-008 V                 ; 2.71 V             ; -0.0351 V          ; 0.173 V                             ; 0.098 V                             ; 2.73e-010 s                ; 2.69e-010 s                ; Yes                       ; Yes                       ;
; y[25]         ; 2.5 V        ; 0 s                 ; 0 s                 ; 2.62 V                       ; 4.02e-008 V                  ; 2.71 V              ; -0.0351 V           ; 0.173 V                              ; 0.098 V                              ; 2.73e-010 s                 ; 2.69e-010 s                 ; Yes                        ; Yes                        ; 2.62 V                      ; 4.02e-008 V                 ; 2.71 V             ; -0.0351 V          ; 0.173 V                             ; 0.098 V                             ; 2.73e-010 s                ; 2.69e-010 s                ; Yes                       ; Yes                       ;
; y[26]         ; 2.5 V        ; 0 s                 ; 0 s                 ; 2.62 V                       ; 4.02e-008 V                  ; 2.71 V              ; -0.0351 V           ; 0.173 V                              ; 0.098 V                              ; 2.73e-010 s                 ; 2.69e-010 s                 ; Yes                        ; Yes                        ; 2.62 V                      ; 4.02e-008 V                 ; 2.71 V             ; -0.0351 V          ; 0.173 V                             ; 0.098 V                             ; 2.73e-010 s                ; 2.69e-010 s                ; Yes                       ; Yes                       ;
; y[27]         ; 2.5 V        ; 0 s                 ; 0 s                 ; 2.62 V                       ; 2.7e-008 V                   ; 2.64 V              ; -0.0118 V           ; 0.201 V                              ; 0.173 V                              ; 2.38e-009 s                 ; 2.19e-009 s                 ; No                         ; Yes                        ; 2.62 V                      ; 2.7e-008 V                  ; 2.64 V             ; -0.0118 V          ; 0.201 V                             ; 0.173 V                             ; 2.38e-009 s                ; 2.19e-009 s                ; No                        ; Yes                       ;
; y[28]         ; 2.5 V        ; 0 s                 ; 0 s                 ; 2.62 V                       ; 4.02e-008 V                  ; 2.64 V              ; -0.0115 V           ; 0.204 V                              ; 0.12 V                               ; 2.38e-009 s                 ; 2.24e-009 s                 ; No                         ; Yes                        ; 2.62 V                      ; 4.02e-008 V                 ; 2.64 V             ; -0.0115 V          ; 0.204 V                             ; 0.12 V                              ; 2.38e-009 s                ; 2.24e-009 s                ; No                        ; Yes                       ;
; y[29]         ; 2.5 V        ; 0 s                 ; 0 s                 ; 2.62 V                       ; 4.02e-008 V                  ; 2.71 V              ; -0.0351 V           ; 0.173 V                              ; 0.098 V                              ; 2.73e-010 s                 ; 2.69e-010 s                 ; Yes                        ; Yes                        ; 2.62 V                      ; 4.02e-008 V                 ; 2.71 V             ; -0.0351 V          ; 0.173 V                             ; 0.098 V                             ; 2.73e-010 s                ; 2.69e-010 s                ; Yes                       ; Yes                       ;
; y[30]         ; 2.5 V        ; 0 s                 ; 0 s                 ; 2.62 V                       ; 4.02e-008 V                  ; 2.71 V              ; -0.0351 V           ; 0.173 V                              ; 0.098 V                              ; 2.73e-010 s                 ; 2.69e-010 s                 ; Yes                        ; Yes                        ; 2.62 V                      ; 4.02e-008 V                 ; 2.71 V             ; -0.0351 V          ; 0.173 V                             ; 0.098 V                             ; 2.73e-010 s                ; 2.69e-010 s                ; Yes                       ; Yes                       ;
; y[31]         ; 2.5 V        ; 0 s                 ; 0 s                 ; 2.62 V                       ; 4.02e-008 V                  ; 2.71 V              ; -0.0351 V           ; 0.173 V                              ; 0.098 V                              ; 2.73e-010 s                 ; 2.69e-010 s                 ; Yes                        ; Yes                        ; 2.62 V                      ; 4.02e-008 V                 ; 2.71 V             ; -0.0351 V          ; 0.173 V                             ; 0.098 V                             ; 2.73e-010 s                ; 2.69e-010 s                ; Yes                       ; Yes                       ;
; ~ALTERA_DCLK~ ; 2.5 V        ; 0 s                 ; 0 s                 ; 2.62 V                       ; 2.2e-008 V                   ; 2.74 V              ; -0.061 V            ; 0.159 V                              ; 0.078 V                              ; 2.7e-010 s                  ; 2.2e-010 s                  ; No                         ; Yes                        ; 2.62 V                      ; 2.2e-008 V                  ; 2.74 V             ; -0.061 V           ; 0.159 V                             ; 0.078 V                             ; 2.7e-010 s                 ; 2.2e-010 s                 ; No                        ; Yes                       ;
; ~ALTERA_nCEO~ ; 2.5 V        ; 0 s                 ; 0 s                 ; 2.62 V                       ; 3.52e-008 V                  ; 2.7 V               ; -0.012 V            ; 0.274 V                              ; 0.034 V                              ; 3.18e-010 s                 ; 4.96e-010 s                 ; No                         ; Yes                        ; 2.62 V                      ; 3.52e-008 V                 ; 2.7 V              ; -0.012 V           ; 0.274 V                             ; 0.034 V                             ; 3.18e-010 s                ; 4.96e-010 s                ; No                        ; Yes                       ;
+---------------+--------------+---------------------+---------------------+------------------------------+------------------------------+---------------------+---------------------+--------------------------------------+--------------------------------------+-----------------------------+-----------------------------+----------------------------+----------------------------+-----------------------------+-----------------------------+--------------------+--------------------+-------------------------------------+-------------------------------------+----------------------------+----------------------------+---------------------------+---------------------------+


-------------------
; Clock Transfers ;
-------------------
Nothing to report.


---------------
; Report TCCS ;
---------------
No dedicated SERDES Transmitter circuitry present in device or used in design


---------------
; Report RSKM ;
---------------
No dedicated SERDES Receiver circuitry present in device or used in design


+------------------------------------------------+
; Unconstrained Paths                            ;
+---------------------------------+-------+------+
; Property                        ; Setup ; Hold ;
+---------------------------------+-------+------+
; Illegal Clocks                  ; 0     ; 0    ;
; Unconstrained Clocks            ; 0     ; 0    ;
; Unconstrained Input Ports       ; 16    ; 16   ;
; Unconstrained Input Port Paths  ; 32    ; 32   ;
; Unconstrained Output Ports      ; 32    ; 32   ;
; Unconstrained Output Port Paths ; 32    ; 32   ;
+---------------------------------+-------+------+


+------------------------------------+
; TimeQuest Timing Analyzer Messages ;
+------------------------------------+
Info: *******************************************************************
Info: Running Quartus II TimeQuest Timing Analyzer
    Info: Version 9.1 Build 350 03/24/2010 Service Pack 2 SJ Web Edition
    Info: Processing started: Fri Mar 20 19:02:19 2020
Info: Command: quartus_sta sign_extend16 -c sign_extend16
Info: qsta_default_script.tcl version: #1
Info: high junction temperature operating condition is not set. Assuming a default value of '85'.
Info: low junction temperature operating condition is not set. Assuming a default value of '0'.
Critical Warning: Synopsys Design Constraints File file not found: 'sign_extend16.sdc'. A Synopsys Design Constraints File is required by the TimeQuest Timing Analyzer to get proper timing constraints. Without it, the Compiler will not properly optimize the design.
Info: No user constrained base clocks found in the design. Calling "derive_clocks -period 1.0"
Info: The command derive_clocks did not find any clocks to derive.  No clocks were created or changed.
Warning: No clocks defined in design.
Info: No user constrained clock uncertainty found in the design. Calling "derive_clock_uncertainty"
Info: The derive_clock_uncertainty command did not apply clock uncertainty to any clock-to-clock transfers.
Info: No clocks to report
Info: Analyzing Slow 1200mV 85C Model
Info: No fmax paths to report
Info: No Setup paths to report
Info: No Hold paths to report
Info: No Recovery paths to report
Info: No Removal paths to report
Info: No Minimum Pulse Width paths to report
Info: Analyzing Slow 1200mV 0C Model
Info: Started post-fitting delay annotation
Warning: Timing characteristics of device EP4CE6E22C6 are preliminary
Info: Delay annotation completed successfully
Info: No user constrained base clocks found in the design. Calling "derive_clocks -period 1.0"
Info: The command derive_clocks did not find any clocks to derive.  No clocks were created or changed.
Warning: No clocks defined in design.
Info: The derive_clock_uncertainty command did not apply clock uncertainty to any clock-to-clock transfers.
Info: No fmax paths to report
Info: No Setup paths to report
Info: No Hold paths to report
Info: No Recovery paths to report
Info: No Removal paths to report
Info: No Minimum Pulse Width paths to report
Info: Analyzing Fast 1200mV 0C Model
Info: Started post-fitting delay annotation
Warning: Timing characteristics of device EP4CE6E22C6 are preliminary
Info: Delay annotation completed successfully
Info: No user constrained base clocks found in the design. Calling "derive_clocks -period 1.0"
Info: The command derive_clocks did not find any clocks to derive.  No clocks were created or changed.
Warning: No clocks defined in design.
Info: The derive_clock_uncertainty command did not apply clock uncertainty to any clock-to-clock transfers.
Info: No Setup paths to report
Info: No Hold paths to report
Info: No Recovery paths to report
Info: No Removal paths to report
Info: No Minimum Pulse Width paths to report
Info: Design is not fully constrained for setup requirements
Info: Design is not fully constrained for hold requirements
Info: Quartus II TimeQuest Timing Analyzer was successful. 0 errors, 6 warnings
    Info: Peak virtual memory: 244 megabytes
    Info: Processing ended: Fri Mar 20 19:02:20 2020
    Info: Elapsed time: 00:00:01
    Info: Total CPU time (on all processors): 00:00:01


